During startup - Warning messages:
1: Setting LC_COLLATE=C.UTF-8 failed 
2: Setting LC_CTYPE=C.UTF-8 failed 
3: Setting LC_MONETARY=C.UTF-8 failed 
4: Setting LC_TIME=C.UTF-8 failed 
calcNormFactors has been renamed to normLibSizes
omit_17 completed: 9 mice, 2 genes FDR<0.05
calcNormFactors has been renamed to normLibSizes
omit_31 completed: 9 mice, 2 genes FDR<0.05
calcNormFactors has been renamed to normLibSizes
omit_45 completed: 9 mice, 1 genes FDR<0.05
calcNormFactors has been renamed to normLibSizes
omit_20 completed: 9 mice, 3 genes FDR<0.05
calcNormFactors has been renamed to normLibSizes
omit_32 completed: 9 mice, 146 genes FDR<0.05
calcNormFactors has been renamed to normLibSizes
omit_41 completed: 9 mice, 2 genes FDR<0.05
calcNormFactors has been renamed to normLibSizes
omit_148 completed: 9 mice, 4 genes FDR<0.05
calcNormFactors has been renamed to normLibSizes
omit_149 completed: 9 mice, 264 genes FDR<0.05
calcNormFactors has been renamed to normLibSizes
omit_154 completed: 9 mice, 7 genes FDR<0.05
calcNormFactors has been renamed to normLibSizes
omit_155 completed: 9 mice, 3 genes FDR<0.05
calcNormFactors has been renamed to normLibSizes
S061 completed: 6 mice, 112 genes FDR<0.05
calcNormFactors has been renamed to normLibSizes
